// Jest Snapshot v1, https://goo.gl/fbAQLP

exports[`TokenFundBox should match DOM Snapshot: shows token symbol, img and input field 1`] = `
<div
  className="flex space-x-4 w-full undefined"
>
  <div
    className="flex w-full flex-row justify-between items-center px-4 input-field-big"
  >
    <div
      className=" bg-dark-mode"
    >
      <input
        aria-label="amount"
        autoComplete="off"
        className="font-semibold number outline-none bg-input-bg text-primary w-full"
        id="amount"
        onChange={[Function]}
        placeholder="0.0"
      />
    </div>
  </div>
  <div
    className="flex"
  >
    <button
      aria-label="select token"
      className="flex flex-row items-center btn-default p-0.5 px-2"
      onClick={[Function]}
    >
      <div
        className="flex h-4 w-4 items-center justify-center"
      >
        <img
          alt="selected token"
          className="rounded-full"
          data-nimg="1"
          decoding="async"
          height={40}
          loading="lazy"
          onError={[Function]}
          onLoad={[Function]}
          src="/_next/image?url=https%3A%2F%2Ftokens.1inch.exchange%2F0x6b175474e89094c44da98b954eedeac495271d0f.png&w=96&q=75"
          srcSet="/_next/image?url=https%3A%2F%2Ftokens.1inch.exchange%2F0x6b175474e89094c44da98b954eedeac495271d0f.png&w=48&q=75 1x, /_next/image?url=https%3A%2F%2Ftokens.1inch.exchange%2F0x6b175474e89094c44da98b954eedeac495271d0f.png&w=96&q=75 2x"
          style={
            {
              "color": "transparent",
            }
          }
          width={40}
        />
      </div>
      <div
        className="flex pl-2 pr-1 text-primary"
      >
        DAI
      </div>
      <div
        className="flex"
      >
        <svg
          className="h-4 w-4"
          fill="white"
          viewBox="0 0 20 20"
          xmlns="http://www.w3.org/2000/svg"
        >
          <path
            clipRule="evenodd"
            d="M5.293 7.293a1 1 0 011.414 0L10 10.586l3.293-3.293a1 1 0 111.414 1.414l-4 4a1 1 0 01-1.414 0l-4-4a1 1 0 010-1.414z"
            fillRule="evenodd"
          />
        </svg>
      </div>
    </button>
  </div>
</div>
`;
