// Jest Snapshot v1, https://goo.gl/fbAQLP

exports[`ConnectModal should render match DOM Snapshot 1`] = `
<ModalLarge
  footerRight={
    <button
      className="btn-default w-full"
    >
      Close
    </button>
  }
  isWalletConnect={true}
  title="Connect Wallet"
>
  <div
    className="p-4"
  >
    <p
      className="text-xl pt-2"
    >
      Connect your wallet to continue with OpenQ. By connecting your wallet you agree with OpenQ
      '
      s
       
      <a
        className="hover:underline text-blue-400"
        href="https://www.openq.dev/terms-of-service"
        rel="noopener noreferrer"
        target="_blank"
      >
        terms of service
      </a>
      .
    </p>
    <button
      className="flex py-4 pl-4 my-8 w-full gap-8 btn-default"
      onClick={[Function]}
    >
      <ForwardRef
        alt="metamask logo"
        height={40}
        src="/wallet-logos/metamask.png"
        width={40}
      />
      <div
        className="text-lg leading-loose"
      >
        Metamask
      </div>
    </button>
    <button
      className="flex py-4 pl-4 mb-8 w-full gap-8 btn-default"
      onClick={[Function]}
    >
      <ForwardRef
        alt="wallet connect logo"
        className="rounded-full"
        height={40}
        src="/wallet-logos/wallet-connect.jpg"
        width={40}
      />
      <div
        className="leading-loose text-lg"
      >
        WalletConnect
      </div>
    </button>
    <p
      className="text-sm text-muted pb-4"
    >
      Are you using Gnosis Safe? For the best experience use the WalletConnect Safe App and connect Openq via WalletConnect.
    </p>
  </div>
</ModalLarge>
`;
