// Vitest Snapshot v1, https://vitest.dev/guide/snapshot.html

exports[`ConnectModal > should render match DOM Snapshot 1`] = `
<DocumentFragment>
  <div>
    <div
      class="flex justify-center items-center overflow-x-hidden overflow-y-auto fixed inset-0 z-50 z-[51]"
    >
      <div
        class="flex w-full md:w-[640px] h-full md:h-[600px] border border-gray-700 md:rounded-sm bg-[#161B22]"
      >
        <div
          class="flex flex-col relative w-full"
        >
          <button
            class="absolute top-4 right-4 cursor-pointer"
            data-testid="cross"
          >
            <svg
              class="fill-muted hover:fill-blue-400 w-4 h-4"
              height="16"
              viewBox="0 0 16 16"
              width="16"
              xmlns="http://www.w3.org/2000/svg"
            >
              <path
                d="M3.72 3.72a.75.75 0 011.06 0L8 6.94l3.22-3.22a.75.75 0 111.06 1.06L9.06 8l3.22 3.22a.75.75 0 11-1.06 1.06L8 9.06l-3.22 3.22a.75.75 0 01-1.06-1.06L6.94 8 3.72 4.78a.75.75 0 010-1.06z"
                fill-rule="evenodd"
              />
            </svg>
          </button>
          <div
            class="py-2 px-4 border-b border-gray-700 text-2xl w-full"
          >
            Connect Wallet
          </div>
          <div
            class="w-full h-full md:h-[500px] overflow-x-hidden overflow-y-auto"
          >
            <div
              class="p-4"
            >
              <p
                class="text-xl pt-2"
              >
                Connect your wallet to continue with OpenQ. By connecting your wallet you agree with OpenQ's 
                <a
                  class="hover:underline text-blue-400"
                  href="/terms-of-use"
                  rel="noopener noreferrer"
                  target="_blank"
                >
                  terms of service
                </a>
                .
              </p>
              <button
                class="flex py-4 pl-4 my-8 w-full gap-8 btn-default"
              >
                <img
                  alt="metamask logo"
                  data-nimg="1"
                  decoding="async"
                  height="40"
                  loading="lazy"
                  src="/_next/image?url=%2Fwallet-logos%2Fmetamask.png&w=96&q=75"
                  srcset="/_next/image?url=%2Fwallet-logos%2Fmetamask.png&w=48&q=75 1x, /_next/image?url=%2Fwallet-logos%2Fmetamask.png&w=96&q=75 2x"
                  style="color: transparent;"
                  width="40"
                />
                <div
                  class="text-lg leading-loose"
                >
                  Metamask
                </div>
              </button>
              <button
                class="flex py-4 pl-4 mb-8 w-full gap-8 btn-default"
              >
                <img
                  alt="wallet connect logo"
                  class="rounded-full"
                  data-nimg="1"
                  decoding="async"
                  height="40"
                  loading="lazy"
                  src="/_next/image?url=%2Fwallet-logos%2Fwallet-connect.jpg&w=96&q=75"
                  srcset="/_next/image?url=%2Fwallet-logos%2Fwallet-connect.jpg&w=48&q=75 1x, /_next/image?url=%2Fwallet-logos%2Fwallet-connect.jpg&w=96&q=75 2x"
                  style="color: transparent;"
                  width="40"
                />
                <div
                  class="leading-loose text-lg"
                >
                  WalletConnect
                </div>
              </button>
              <button
                class="flex py-4 pl-4 mb-8 w-full gap-8 btn-default"
              >
                <img
                  alt="wallet connect logo"
                  class="rounded-full"
                  data-nimg="1"
                  decoding="async"
                  height="40"
                  loading="lazy"
                  src="/_next/image?url=%2Fwallet-logos%2Fcoinbase-logo.jpg&w=96&q=75"
                  srcset="/_next/image?url=%2Fwallet-logos%2Fcoinbase-logo.jpg&w=48&q=75 1x, /_next/image?url=%2Fwallet-logos%2Fcoinbase-logo.jpg&w=96&q=75 2x"
                  style="color: transparent;"
                  width="40"
                />
                <div
                  class="leading-loose text-lg"
                >
                  Coinbase
                </div>
              </button>
            </div>
          </div>
          <div
            class="flex justify-between items-center py-2 px-4 flex-wrap border-t border-gray-700 w-full "
          >
            <div
              class="my-1"
            />
            <div>
              <button
                class="btn-default w-full"
              >
                Close
              </button>
            </div>
          </div>
        </div>
      </div>
    </div>
    <div
      class="bg-overlay z-10 fixed inset-0"
    />
  </div>
</DocumentFragment>
`;
