// vi Snapshot v1, https://goo.gl/fbAQLP

exports[`BountyAlreadyMintedMessage should match DOM Snapshot and msg "closed"  1`] = `
<div
  className="flex flex-row items-center space-x-1"
>
  <div
    className=""
  >
    Bounty is already 
    closed
    , view
     
    <a
      className="cursor-pointer text-link-colour hover:underline"
      href="/contract/I_kwDOGWnnz85I9Agl/0x066efd87027a4cc4a21c57467f224ef98241d774"
      onClick={[Function]}
      onMouseEnter={[Function]}
      onTouchStart={[Function]}
      rel="noreferrer"
      target="_blank"
    >
      <span
        data-testid="link"
      >
        here
      </span>
    </a>
    .
  </div>
</div>
`;

exports[`BountyAlreadyMintedMessage should match DOM Snapshot and msg "is already minted"  1`] = `
<div
  className="flex flex-row items-center space-x-1"
>
  <div
    className=""
  >
    Bounty is already 
    minted
    , view
     
    <a
      className="cursor-pointer text-link-colour hover:underline"
      href="/contract/I_kwDOGWnnz85I9Agl/0x066efd87027a4cc4a21c57467f224ef98241d774"
      onClick={[Function]}
      onMouseEnter={[Function]}
      onTouchStart={[Function]}
      rel="noreferrer"
      target="_blank"
    >
      <span
        data-testid="link"
      >
        here
      </span>
    </a>
    .
  </div>
</div>
`;
