// Jest Snapshot v1, https://goo.gl/fbAQLP

exports[`SetTierAdminPage should match DOM and render "Weight per Tier (%)", "1st place winner" etc. if bounty type is 2 1`] = `
<DocumentFragment>
  <div
    class=" flex flex-col gap-4"
  >
    <div
      class=" w-11/12 text-base flex flex-col gap-2"
    >
      <div
        class="flex items-center gap-2"
      >
        How many Tiers?
        <div
          class="group undefined"
        >
          <div
            class="cursor-help rounded-full border border-[#c9d1d9] aspect-square leading-4 h-4 box-content text-center font-bold text-primary"
          >
            ?
          </div>
          <div
            class="justify-center w-full relative hidden z-50 group-hover:block  undefined "
          >
            <div
              class="flex flex-col items-center"
            >
              <div
                class="flex mt-0.5 md:mt-1 tooltip-triangle absolute undefined"
              />
              <div
                class="flex tooltip absolute undefined"
              >
                <div
                  class="undefined"
                >
                  How many people will be able to claim a prize? Don't exceed 100.
                </div>
              </div>
            </div>
          </div>
        </div>
      </div>
      <div
        class="flex-1 w-full mt-2"
      >
        <input
          autocomplete="off"
          class="flex-1 ml-4 input-field w-full"
          id="name"
          max="100"
          min="0"
          placeholder="0"
          type="text"
          value="3"
        />
      </div>
    </div>
    <div>
      Volumes:
    </div>
    <div
      class="py-2 gap-2 flex flex-col w-full text-base"
    >
      <div
        class="flex gap-2 font-semibold"
      >
        Weight per Tier (%)
        <div
          class="group undefined"
        >
          <div
            class="cursor-help rounded-full border border-[#c9d1d9] aspect-square leading-4 h-4 text-sm box-content text-center font-bold text-primary"
          >
            ?
          </div>
          <div
            class="justify-center w-full relative hidden z-50 group-hover:block  undefined "
          >
            <div
              class="flex flex-col items-center"
            >
              <div
                class="flex mt-0.5 md:mt-1 tooltip-triangle absolute undefined"
              />
              <div
                class="flex tooltip absolute undefined"
              >
                <div
                  class="w-40 whitespace-normal"
                >
                  How much % of the total will each winner earn?
                </div>
              </div>
            </div>
          </div>
        </div>
      </div>
      <div
        class="flex text-sm rounded-sm overflow-hidden w-fit    text-primary "
      >
        <button
          class="w-fit min-w-[80px] py-[5px] px-4 rounded-l-sm border whitespace-nowrap bg-secondary-button border-secondary-button"
        >
          Visual
        </button>
        <button
          class="w-fit min-w-[80px] py-[5px] px-4 rounded-r-sm border whitespace-nowrap  border-web-gray"
        >
          Text
        </button>
      </div>
      <span
        class="text-sm"
      >
        For the sum to add up to 100, you still need to allocate: 97 %
      </span>
      <div
        class=" w-full mx-h-60 pl-4 overflow-y-auto overflow-x-hidden"
      >
        <div>
          <div>
            1st place winner
          </div>
          <div
            class="flex w-11/12 text-sm content-center items-center gap-2 mb-1 undefined"
          >
            <div
              class="w-9 flex none"
            >
              1%
            </div>
            <div
              class="w-full rounded-full overflow-hidden border border-transparent h-4"
            >
              <div
                class="resize-x w-full h-4"
                data-testid="tierInput"
                style="transform: scaleX(0.01); transform-origin: left center; background-color: rgb(18, 18, 18);"
                type="textarea"
              >
                <div
                  class="resize-x w-6 opacity-0 scale-150 h-4 float-right relative left-3 cursor-ew-resize overflow-visible"
                  data-testid="edgeOfScale"
                  style="transform: scaleX(100);"
                  type="textarea"
                />
              </div>
            </div>
          </div>
        </div>
        <div>
          <div>
            2nd place winner
          </div>
          <div
            class="flex w-11/12 text-sm content-center items-center gap-2 mb-1 undefined"
          >
            <div
              class="w-9 flex none"
            >
              1%
            </div>
            <div
              class="w-full rounded-full overflow-hidden border border-transparent h-4"
            >
              <div
                class="resize-x w-full h-4"
                data-testid="tierInput"
                style="transform: scaleX(0.01); transform-origin: left center; background-color: rgb(21, 21, 21);"
                type="textarea"
              >
                <div
                  class="resize-x w-6 opacity-0 scale-150 h-4 float-right relative left-3 cursor-ew-resize overflow-visible"
                  data-testid="edgeOfScale"
                  style="transform: scaleX(100);"
                  type="textarea"
                />
              </div>
            </div>
          </div>
        </div>
        <div>
          <div>
            3rd place winner
          </div>
          <div
            class="flex w-11/12 text-sm content-center items-center gap-2 mb-1 undefined"
          >
            <div
              class="w-9 flex none"
            >
              1%
            </div>
            <div
              class="w-full rounded-full overflow-hidden border border-transparent h-4"
            >
              <div
                class="resize-x w-full h-4"
                data-testid="tierInput"
                style="transform: scaleX(0.01); transform-origin: left center; background-color: rgb(22, 22, 22);"
                type="textarea"
              >
                <div
                  class="resize-x w-6 opacity-0 scale-150 h-4 float-right relative left-3 cursor-ew-resize overflow-visible"
                  data-testid="edgeOfScale"
                  style="transform: scaleX(100);"
                  type="textarea"
                />
              </div>
            </div>
          </div>
        </div>
      </div>
      <div
        class="flex items-center gap-2 font-semibold"
      >
        Total
      </div>
      <div
        class="flex w-11/12 text-sm  items-center gap-2 mb-1 pl-2 pr-8"
      >
        <div
          class="w-9 flex-none"
        >
          3%
        </div>
        <div
          class="flex border-transparent border-2 flex-none rounded-full overflow-hidden w-full relative border-gray-500"
        >
          <div
            class="resize-x h-4 w-full inline z-15 left-0 top-0"
            style="background-color: rgb(18, 18, 18); width: 0.5px;"
            type="textarea"
          />
          <div
            class="resize-x h-4 w-full inline z-15 left-0 top-0"
            style="background-color: rgb(21, 21, 21); width: 0.5px;"
            type="textarea"
          />
          <div
            class="resize-x h-4 w-full inline z-15 left-0 top-0"
            style="background-color: rgb(22, 22, 22); width: 0.5px;"
            type="textarea"
          />
        </div>
      </div>
       
    </div>
  </div>
  <div
    class="flex items-center"
  />
  <div
    class="group undefined"
  >
    <div
      class="px-4"
    >
      <button
        class="w-full btn-default cursor-not-allowed"
        disabled=""
        type="button"
      >
        Set New Payout Schedule
      </button>
    </div>
    <div
      class="justify-center w-full relative hidden z-50 group-hover:block  undefined "
    >
      <div
        class="flex flex-col items-center"
      >
        <div
          class="flex mt-0.5 md:mt-1 tooltip-triangle absolute undefined"
        />
        <div
          class="flex tooltip absolute undefined"
        >
          <div
            class="undefined"
          >
            Please make sure the sum of tier percentages adds up to 100.
          </div>
        </div>
      </div>
    </div>
  </div>
</DocumentFragment>
`;

exports[`SetTierAdminPage should match DOM and render "Which token?", "Volumes:" if bounty type is 3 1`] = `
<DocumentFragment>
  <div
    class=" flex flex-col gap-4"
  >
    <div
      class=" w-11/12 text-base flex flex-col gap-2"
    >
      <div
        class="flex items-center gap-2"
      >
        How many Tiers?
        <div
          class="group undefined"
        >
          <div
            class="cursor-help rounded-full border border-[#c9d1d9] aspect-square leading-4 h-4 box-content text-center font-bold text-primary"
          >
            ?
          </div>
          <div
            class="justify-center w-full relative hidden z-50 group-hover:block  undefined "
          >
            <div
              class="flex flex-col items-center"
            >
              <div
                class="flex mt-0.5 md:mt-1 tooltip-triangle absolute undefined"
              />
              <div
                class="flex tooltip absolute undefined"
              >
                <div
                  class="undefined"
                >
                  How many people will be able to claim a prize? Don't exceed 100.
                </div>
              </div>
            </div>
          </div>
        </div>
      </div>
      <div
        class="flex-1 w-full mt-2"
      >
        <input
          autocomplete="off"
          class="flex-1 ml-4 input-field w-full"
          id="name"
          max="100"
          min="0"
          placeholder="0"
          type="text"
          value="3"
        />
      </div>
    </div>
    <div
      class="flex flex-col w-11/12 items-start py-2 gap-2 text-base pb-4"
    >
      <div
        class="flex items-center gap-2"
      >
        <div
          class="flex items-center gap-2"
        >
          Which token?
          <div
            class="group undefined"
          >
            <div
              class="cursor-help rounded-full border border-[#c9d1d9] aspect-square text-sm leading-4 h-4 box-content text-center font-bold text-primary"
            >
              ?
            </div>
            <div
              class="justify-center w-full relative hidden z-50 group-hover:block  undefined "
            >
              <div
                class="flex flex-col items-center"
              >
                <div
                  class="flex mt-0.5 md:mt-1 tooltip-triangle absolute undefined"
                />
                <div
                  class="flex tooltip absolute undefined"
                >
                  <div
                    class="undefined"
                  >
                    Fixed contests can only be funded with one token.
                  </div>
                </div>
              </div>
            </div>
          </div>
        </div>
      </div>
      <div
        class=" pl-4"
      >
        <div
          class="justify-self-end"
        >
          <div>
            <button
              class="flex flex-row items-center space-x-1 py-2 drop-shadow-lg border border-web-gray rounded-sm p-2 pr-2 "
            >
              <div
                class="flex flex-row space-x-5 items-center justify-center"
              >
                <div
                  class="h-1 w-6 pb-6"
                >
                  <span
                    style="box-sizing: border-box; display: inline-block; overflow: hidden; background: none; opacity: 1; border: 0px; margin: 0px; padding: 0px; position: relative; max-width: 100%;"
                  >
                    <span
                      style="box-sizing: border-box; display: block; background: none; opacity: 1; border: 0px; margin: 0px; padding: 0px; max-width: 100%;"
                    >
                      <img
                        alt=""
                        aria-hidden="true"
                        src="data:image/svg+xml,%3csvg%20xmlns=%27http://www.w3.org/2000/svg%27%20version=%271.1%27%20width=%2740%27%20height=%2740%27/%3e"
                        style="display: block; max-width: 100%; background: none; opacity: 1; border: 0px; margin: 0px; padding: 0px;"
                      />
                    </span>
                    <img
                      alt="n/a"
                      class="rounded-sm"
                      data-nimg="intrinsic"
                      decoding="async"
                      src="data:image/gif;base64,R0lGODlhAQABAIAAAAAAAP///yH5BAEAAAAALAAAAAABAAEAAAIBRAA7"
                      style="position: absolute; top: 0px; left: 0px; bottom: 0px; right: 0px; box-sizing: border-box; padding: 0px; margin: auto; display: block; width: 0px; height: 0px; min-width: 100%; max-width: 100%; min-height: 100%; max-height: 100%;"
                    />
                    <noscript />
                  </span>
                </div>
              </div>
              <div
                class="pl-3 "
              >
                MATIC
              </div>
              <div>
                <svg
                  class="h-5 w-5"
                  fill="white"
                  viewBox="0 0 20 20"
                  xmlns="http://www.w3.org/2000/svg"
                >
                  <path
                    clip-rule="evenodd"
                    d="M5.293 7.293a1 1 0 011.414 0L10 10.586l3.293-3.293a1 1 0 111.414 1.414l-4 4a1 1 0 01-1.414 0l-4-4a1 1 0 010-1.414z"
                    fill-rule="evenodd"
                  />
                </svg>
              </div>
            </button>
          </div>
        </div>
      </div>
    </div>
    <div>
      Volumes:
    </div>
    <div
      class="max-h-40 w-full flex flex-col gap-2 overflow-y-auto overflow-x-hidden"
    >
      <div
        class="flex gap-2 mr-10"
      >
        <div
          class="w-10"
        >
          1st
        </div>
        <div
          class="flex-1 w-11/12 mb-1 undefined"
        >
          <input
            autocomplete="off"
            class="input-field w-full number"
            id="tier-volume"
            name="1"
            placeholder="1st winner"
            value="1"
          />
        </div>
      </div>
      <div
        class="flex gap-2 mr-10"
      >
        <div
          class="w-10"
        >
          2nd
        </div>
        <div
          class="flex-1 w-11/12 mb-1 undefined"
        >
          <input
            autocomplete="off"
            class="input-field w-full number"
            id="tier-volume"
            name="2"
            placeholder="2nd winner"
            value="1"
          />
        </div>
      </div>
      <div
        class="flex gap-2 mr-10"
      >
        <div
          class="w-10"
        >
          3rd
        </div>
        <div
          class="flex-1 w-11/12 mb-1 undefined"
        >
          <input
            autocomplete="off"
            class="input-field w-full number"
            id="tier-volume"
            name="3"
            placeholder="3rd winner"
            value="1"
          />
        </div>
      </div>
    </div>
  </div>
  <div
    class="flex items-center"
  />
  <div
    class="px-4"
  >
    <button
      class="w-full btn-default cursor-pointer"
      type="button"
    >
      Set New Payout Schedule
    </button>
  </div>
</DocumentFragment>
`;

exports[`SetTierAdminPage should render nothing if bounty type is 0 1`] = `<DocumentFragment />`;

exports[`SetTierAdminPage should render nothing if bounty type is 1 1`] = `<DocumentFragment />`;
