// Jest Snapshot v1, https://goo.gl/fbAQLP

exports[`SetTier should render match DOM Snapshot 1`] = `
<React.Fragment>
  <div
    className="py-2 gap-2 flex flex-col w-full text-base"
  >
    <div
      className="flex gap-2 font-semibold"
    >
      Weight per Tier (%)
      <ToolTipNew
        innerStyles="w-40 whitespace-normal"
        toolTipText="How much % of the total will each winner earn?"
      >
        <div
          className="cursor-help rounded-full border border-[#c9d1d9] aspect-square leading-4 h-4 text-sm box-content text-center font-bold text-primary"
        >
          ?
        </div>
      </ToolTipNew>
    </div>
    <SmallToggle
      className="  "
      names={
        [
          "Visual",
          "Text",
        ]
      }
      toggleFunc={[Function]}
      toggleVal="Visual"
    />
    <span
      className="text-sm"
    >
      For the sum to add up to 100, you still need to allocate: 
      91
       %
    </span>
    <div
      className=" w-full mx-h-60 pl-4 overflow-y-auto overflow-x-hidden"
    >
      <div>
        <TierInput
          onTierVolumeChange={[Function]}
          tier="0"
          tierVolumes={
            [
              "2",
              "3",
              "4",
            ]
          }
        />
      </div>
      <div>
        <TierInput
          onTierVolumeChange={[Function]}
          tier="1"
          tierVolumes={
            [
              "2",
              "3",
              "4",
            ]
          }
        />
      </div>
      <div>
        <TierInput
          onTierVolumeChange={[Function]}
          tier="2"
          tierVolumes={
            [
              "2",
              "3",
              "4",
            ]
          }
        />
      </div>
    </div>
    <TierResult
      finalTierVolumes={
        [
          "2",
          "3",
          "4",
        ]
      }
      sum={9}
    />
  </div>
</React.Fragment>
`;
