// Vitest Snapshot v1, https://vitest.dev/guide/snapshot.html

exports[`AboutTitle > should match DOM Snapshot 1`] = `
<div
  className="sm:flex flex-wrap items-center font-semibold pt-8 px-8 gap-4 w-full"
>
  <a
    className="flex gap-4 lg:hidden group flex-1 pb-4"
  >
    <img
      alt="avatar"
      className="rounded-full"
      data-nimg="1"
      decoding="async"
      height={32}
      loading="lazy"
      onError={[Function]}
      onLoad={[Function]}
      src="/_next/image?url=https%3A%2F%2Fgithub.com%2FDeep1144&w=64&q=75"
      srcSet="/_next/image?url=https%3A%2F%2Fgithub.com%2FDeep1144&w=32&q=75 1x, /_next/image?url=https%3A%2F%2Fgithub.com%2FDeep1144&w=64&q=75 2x"
      style={
        {
          "color": "transparent",
        }
      }
      width={32}
    />
    <span
      className="flex leading-none"
    >
      <span
        className="flex pt-2 group-hover:underline whitespace-nowrap"
      >
        Christopher-Stevers
      </span>
    </span>
  </a>
</div>
`;
