// Jest Snapshot v1, https://goo.gl/fbAQLP

exports[`RequestPage should match initial DOM Snapshot 1`] = `
<DocumentFragment>
  <div
    class="my-6"
  >
    <h2
      class="text-2xl font-semibold pb-4 border-b border-web-gray my-4"
    >
      Manage your bounties
    </h2>
    <div
      class="border-web-gray border flex justify-center content-center h-24 rounded-sm items-center"
    >
      You have received 0 requests.
    </div>
  </div>
  <div
    class="my-6"
  >
    <h2
      class="text-2xl font-semibold pb-4  my-4"
    >
      Requests
    </h2>
    <div
      class="bg-info border-info-strong border-2 p-3 rounded-sm my-4"
    >
      If the submission requires changes, please "Decline" the form submission and write a message to the builder in the popup. Once the submission is completed correctly, please click "Accept". If you accept the request, the amount deposited in the contract will be unlocked for the builder.
    </div>
    <input
      class="flex-1 lg:col-span-3 col-span-4 input-field-big w-full"
      placeholder="github-user"
      type="text"
      value=""
    />
    <ul
      class="flex flex-col gap-4"
    >
      <div />
    </ul>
  </div>
</DocumentFragment>
`;
