// Jest Snapshot v1, https://goo.gl/fbAQLP

exports[`FundPage Split Price Bounties should lock token choice to deposit token when there is 1+ deposit: Snapshot: button style changes to not appear as button 1`] = `
<button
  aria-label="select token"
  class="flex flex-row items-center p-0.5 px-2 cursor-default"
  disabled=""
>
   
  <div
    class="flex h-4 w-4 items-center justify-center"
  >
    <img
      alt="selected token"
      class="rounded-full"
      data-nimg="1"
      decoding="async"
      height="40"
      loading="lazy"
      src="https://wallet-asset.matic.network/img/tokens/link.svg"
      srcset="https://wallet-asset.matic.network/img/tokens/link.svg 1x, https://wallet-asset.matic.network/img/tokens/link.svg 2x"
      style="color: transparent;"
      width="40"
    />
  </div>
  <div
    class="flex pl-2 pr-1 text-primary"
  >
    LINK
  </div>
</button>
`;
