// Jest Snapshot v1, https://goo.gl/fbAQLP

exports[`FundPage Split Price Bounties should lock token choice to deposit token when there is 1+ deposit 1`] = `
<DocumentFragment>
  <div
    class="flex-1 pt-4 pb-8 w-full max-w-[1200px] justify-center"
  >
    <div
      class="flex flex-col w-full space-y-5 pb-8 items-center md:border rounded-sm border-gray-700"
    >
      <div
        class="flex text-3xl w-full text-primary justify-center px-16 py-4 md:bg-[#161b22] md:border-b border-gray-700 rounded-t-sm"
      >
        Escrow Funds in Split Price Contract
      </div>
      <div
        class="flex flex-col space-y-5 w-5/6 pt-2"
      >
        <div
          class="flex w-full gap-4"
        >
          <div
            class="flex space-x-4 w-full undefined"
          >
            <div
              class="w-full flex w-full flex-row justify-between items-center px-4 input-field-big"
            >
              <div
                class="w-full bg-dark-mode"
              >
                <input
                  aria-label="amount"
                  autocomplete="off"
                  class="font-semibold number outline-none bg-input-bg text-primary w-full"
                  id="amount"
                  placeholder="0.0"
                  value=""
                />
              </div>
            </div>
            <div
              class="flex"
            >
              <button
                aria-label="select token"
                class="flex flex-row items-center p-0.5 px-2 cursor-default"
                disabled=""
              >
                 
                <div
                  class="flex h-4 w-4 items-center justify-center"
                >
                  <img
                    alt="selected token"
                    class="rounded-full"
                    data-nimg="1"
                    decoding="async"
                    height="40"
                    loading="lazy"
                    src="/crypto-logos/LINK.svg"
                    style="color: transparent;"
                    width="40"
                  />
                </div>
                <div
                  class="flex pl-2 pr-1 text-primary"
                >
                  LINK
                </div>
              </button>
            </div>
          </div>
        </div>
        <div
          class="flex gap-4"
        >
          <div
            class="w-full"
          >
            <div
              class="flex w-full input-field-big mb-4"
            >
              <div
                class=" flex items-center gap-3 w-full text-primary md:whitespace-nowrap"
              >
                <div
                  class="group "
                >
                  <div
                    class="cursor-help rounded-full border border-[#c9d1d9] aspect-square leading-4 h-4 box-content text-center font-bold text-primary"
                  >
                    ?
                  </div>
                  <div
                    class="justify-center w-full relative hidden z-50 group-hover:block  -top-1 "
                  >
                    <div
                      class="flex flex-col items-center"
                    >
                      <div
                        class="flex mt-0.5 md:mt-1 tooltip-triangle absolute undefined"
                      />
                      <div
                        class="flex tooltip absolute md:-left-12"
                      >
                        <div
                          class="whitespace-normal md:w-96 sm:w-60 w-40  "
                        >
                          This is the number of days that your deposit will be in escrow. After this many days, your deposit will be fully refundable if the contract has still not been claimed.
                        </div>
                      </div>
                    </div>
                  </div>
                </div>
                <span>
                  Deposit Locked Period
                </span>
              </div>
              <div
                class="flex px-4 font-bold bg-input-bg"
              >
                <input
                  autocomplete="off"
                  class="text-primary text-right number outline-none w-full flex-1 bg-input-bg"
                  id="deposit-period"
                  value="30"
                />
              </div>
            </div>
            <div
              class="flex items-center"
            />
            <div
              class="group w-min"
            >
              <button
                class="text-center px-8 w-min items-center py-0.5  btn-default w-full cursor-not-allowed py-1.5"
                disabled=""
                type="button"
              >
                <div
                  class="text-center whitespace-nowrap w-full"
                >
                  Fund
                </div>
              </button>
              <div
                class="justify-center w-full relative hidden z-50 group-hover:block  -top-1  "
              >
                <div
                  class="flex flex-col items-center"
                >
                  <div
                    class="flex mt-0.5 md:mt-1 tooltip-triangle absolute undefined"
                  />
                  <div
                    class="flex tooltip absolute left-0"
                  >
                    <div
                      class="sm:w-40 md:w-60 whitespace-normal"
                    >
                      Please indicate the volume you'd like to fund with. Must be between 0.0000001 and 1,000,000.
                    </div>
                  </div>
                </div>
              </div>
            </div>
          </div>
        </div>
      </div>
    </div>
  </div>
</DocumentFragment>
`;

exports[`FundPage Split Price Bounties should lock token choice to deposit token when there is 1+ deposit: Snapshot: button style changes to not appear as button 1`] = `
<button
  aria-label="select token"
  class="flex flex-row items-center p-0.5 px-2 cursor-default"
  disabled=""
>
   
  <div
    class="flex h-4 w-4 items-center justify-center"
  >
    <img
      alt="selected token"
      class="rounded-full"
      data-nimg="1"
      decoding="async"
      height="40"
      loading="lazy"
      src="/crypto-logos/LINK.svg"
      style="color: transparent;"
      width="40"
    />
  </div>
  <div
    class="flex pl-2 pr-1 text-primary"
  >
    LINK
  </div>
</button>
`;
