// Jest Snapshot v1, https://goo.gl/fbAQLP

exports[`Signup Snapshot should match DOM Snapshot 1`] = `
<a
  href="/login"
  onClick={[Function]}
  onMouseEnter={[Function]}
  onTouchStart={[Function]}
>
  <button
    className="flex justify-center btn-default whitespace-nowrap w-full"
  >
    <div
      className="flex flex-row items-center justify-center space-x-3"
    >
      <div>
        Sign up
      </div>
    </div>
  </button>
</a>
`;
