// Jest Snapshot v1, https://goo.gl/fbAQLP

exports[`Footer should match DOM Snapshot 1`] = `
<div
  className="p-8 lg:p-24"
>
  <div
    className="flex flex-col lg:flex-row lg:p-4 justify-between lg:items-center border-b border-web-gray text-muted"
  >
    <OpenQSocials />
    <div
      className="flex flex-col lg:flex-row space-y-2 lg:space-y-0 py-4 lg:py-0"
    >
      <div
        className="flex gap-2 items-center"
      >
        <div
          className="flex gap-2 cursor-pointer"
          onClick={[Function]}
        >
          <span>
             Smart Contracts
          </span>
          <span
            onClick={[Function]}
          >
            <ChevronDownIcon />
          </span>
        </div>
        <div
          className="relative h-6"
        >
          <div
            className="relative px-3 w-40 undefined"
          >
            <button
              className="block"
              value={1}
            >
              <CopyAddressToClipboard
                clipping={
                  [
                    5,
                    38,
                  ]
                }
                styles="pt-0 w-40"
              />
            </button>
          </div>
        </div>
      </div>
      <div
        className="flex flex-col lg:flex-row gap-2 lg:gap-4 lg:items-center"
      >
        <div>
          Build: production-1.0.22
        </div>
        <div
          className=""
        >
          <span
            className="whitespace-nowrap"
          >
            ©
          </span>
           
          2023
          , OpenQ Labs GmbH
        </div>
      </div>
    </div>
  </div>
  <div
    className="mt-6 lg:grid lg:grid-cols-[1fr_1fr_1fr_3fr]"
  >
    <div
      className="flex flex-col pb-8"
    >
      <h1
        className="font-bold pb-2"
      >
        HELP ME
      </h1>
      <ForwardRef(LinkComponent)
        className=" lg:justify-self-center"
        href="mailto:info@openq.dev"
        rel="noopener noreferrer"
        target="_blank"
      >
        <span>
          Contact us 
        </span>
      </ForwardRef(LinkComponent)>
      <ForwardRef(LinkComponent)
        className="lg:justify-self-center "
        href="https://openq.canny.io/openq-feature-requests"
        rel="noopener noreferrer"
        target="_blank"
      >
        <span>
          Feature requests 
        </span>
      </ForwardRef(LinkComponent)>
    </div>
    <div
      className="flex flex-col pb-8"
    >
      <h1
        className="font-bold pb-2"
      >
        COMPANY
      </h1>
      <ForwardRef(LinkComponent)
        className=" lg:justify-self-center"
        href="/"
        rel="noopener noreferrer"
        target="_blank"
      >
        <span>
          About
        </span>
      </ForwardRef(LinkComponent)>
      <ForwardRef(LinkComponent)
        className=" lg:justify-self-center"
        href="https://github.com/OpenQDev/OpenQ-Careers"
        rel="noopener noreferrer"
        target="_blank"
      >
        <span>
          Careers
        </span>
      </ForwardRef(LinkComponent)>
      <ForwardRef(LinkComponent)
        className=" lg:justify-self-center"
        href="/terms-of-use"
        rel="noopener noreferrer"
        target="_blank"
      >
        <span>
          Terms of Use
        </span>
      </ForwardRef(LinkComponent)>
      <ForwardRef(LinkComponent)
        className=" lg:justify-self-center"
        href="/privacy-policy"
        rel="noopener noreferrer"
        target="_blank"
      >
        Privacy Policy
      </ForwardRef(LinkComponent)>
    </div>
    <div
      className="flex flex-col pb-8"
    >
      <h1
        className="font-bold pb-2"
      >
        RESOURCES
      </h1>
      <ForwardRef(LinkComponent)
        className=" lg:justify-self-center"
        href="https://medium.com/openqdev"
        rel="noopener noreferrer"
        target="_blank"
      >
        <span>
          Blog
        </span>
      </ForwardRef(LinkComponent)>
      <ForwardRef(LinkComponent)
        className=" lg:justify-self-center"
        href="https://docs.openq.dev"
        rel="noopener noreferrer"
        target="_blank"
      >
        <span>
          Docs
        </span>
      </ForwardRef(LinkComponent)>
      <ForwardRef(LinkComponent)
        className=" lg:justify-self-center"
        href="/batch"
        rel="noopener noreferrer"
        target="_blank"
      >
        <span>
          Batch Mint
        </span>
      </ForwardRef(LinkComponent)>
    </div>
    <div
      className="flex flex-col lg:flex-row lg:justify-end gap-4"
    >
      <ForwardRef
        alt="OpenQ"
        className="flex lg:items-start max-h-[24px]"
        height="90"
        src="/openq-logo-with-text.png"
        width="90"
      />
      <div
        className="flex flex-col pb-8 w-56"
      >
        <div
          className="flex font-bold pb-2 lg:justify-end"
        >
          Made by devs for devs with
        </div>
        <div
          className="flex pb-2 lg:text-right"
        >
          ❤️ in Germany, Austria, Netherlands, Spain and many more
        </div>
      </div>
    </div>
  </div>
  <LoadingBar />
</div>
`;
