// Jest Snapshot v1, https://goo.gl/fbAQLP

exports[`NavLinks should match DOM Snapshot 1`] = `
[
  <span
    onClick={[Function]}
    onMouseEnter={[Function]}
    onTouchStart={[Function]}
  >
     Explore
  </span>,
  <span
    onClick={[Function]}
    onMouseEnter={[Function]}
    onTouchStart={[Function]}
  >
     Fixed Price
  </span>,
  <span
    onClick={[Function]}
    onMouseEnter={[Function]}
    onTouchStart={[Function]}
  >
     Split Price
  </span>,
  <span
    onClick={[Function]}
    onMouseEnter={[Function]}
    onTouchStart={[Function]}
  >
     Contests
  </span>,
  <span
    onClick={[Function]}
    onMouseEnter={[Function]}
    onTouchStart={[Function]}
  >
     Non-Profit
  </span>,
]
`;
