// Jest Snapshot v1, https://goo.gl/fbAQLP

exports[`NavLinks should match DOM Snapshot 1`] = `
[
  <a
    className="nav-link $ false"
    href="/"
    onClick={[Function]}
    onMouseEnter={[Function]}
    onTouchStart={[Function]}
  >
    <span>
       Explore
    </span>
  </a>,
  <a
    className="nav-link $ false"
    href="/fixed-price"
    onClick={[Function]}
    onMouseEnter={[Function]}
    onTouchStart={[Function]}
  >
    <span>
       Fixed Price
    </span>
  </a>,
  <a
    className="nav-link $ false"
    href="/split-price"
    onClick={[Function]}
    onMouseEnter={[Function]}
    onTouchStart={[Function]}
  >
    <span>
       Split Price
    </span>
  </a>,
  <a
    className="nav-link $ false"
    href="/contests"
    onClick={[Function]}
    onMouseEnter={[Function]}
    onTouchStart={[Function]}
  >
    <span>
       Contests
    </span>
  </a>,
  <a
    className="nav-link $ false"
    href="/non-profit"
    onClick={[Function]}
    onMouseEnter={[Function]}
    onTouchStart={[Function]}
  >
    <span>
       Non-Profit
    </span>
  </a>,
]
`;
