// Jest Snapshot v1, https://goo.gl/fbAQLP

exports[`NavLinks should match DOM Snapshot 1`] = `
[
  <a
    className="nav-link ml-1 $ false"
    href="/"
    onClick={[Function]}
    onMouseEnter={[Function]}
    onTouchStart={[Function]}
  >
    <span>
       Explore
    </span>
  </a>,
  <a
    className="nav-link $ false"
    href="/marketplace"
    onClick={[Function]}
    onMouseEnter={[Function]}
    onTouchStart={[Function]}
  >
    <span>
      Marketplace
    </span>
  </a>,
  <a
    className="nav-link $ false"
    href="/contests"
    onClick={[Function]}
    onMouseEnter={[Function]}
    onTouchStart={[Function]}
  >
    <span>
       Contests
    </span>
  </a>,
  <a
    className="nav-link $ false"
    href="/good-first-issues"
    onClick={[Function]}
    onMouseEnter={[Function]}
    onTouchStart={[Function]}
  >
    <span>
       Good First Issues
    </span>
  </a>,
]
`;
